mode: set
github.com/meehow/go-slip10/bech32/bech32.go:14.54,17.18 1 1
github.com/meehow/go-slip10/bech32/bech32.go:17.18,19.3 1 1
github.com/meehow/go-slip10/bech32/bech32.go:20.2,20.24 1 1
github.com/meehow/go-slip10/bech32/bech32.go:20.24,21.24 1 1
github.com/meehow/go-slip10/bech32/bech32.go:21.24,23.4 1 1
github.com/meehow/go-slip10/bech32/bech32.go:25.2,25.64 1 1
github.com/meehow/go-slip10/bech32/bech32.go:25.64,27.3 1 1
github.com/meehow/go-slip10/bech32/bech32.go:28.2,34.29 7 1
github.com/meehow/go-slip10/bech32/bech32.go:34.29,35.30 1 1
github.com/meehow/go-slip10/bech32/bech32.go:35.30,37.4 1 1
github.com/meehow/go-slip10/bech32/bech32.go:38.3,38.28 1 1
github.com/meehow/go-slip10/bech32/bech32.go:40.2,40.26 1 1
github.com/meehow/go-slip10/bech32/bech32.go:45.50,48.68 1 1
github.com/meehow/go-slip10/bech32/bech32.go:48.68,50.3 1 1
github.com/meehow/go-slip10/bech32/bech32.go:51.2,53.34 3 1
github.com/meehow/go-slip10/bech32/bech32.go:53.34,55.3 1 1
github.com/meehow/go-slip10/bech32/bech32.go:56.2,57.24 2 1
github.com/meehow/go-slip10/bech32/bech32.go:57.24,58.24 1 1
github.com/meehow/go-slip10/bech32/bech32.go:58.24,60.4 1 1
github.com/meehow/go-slip10/bech32/bech32.go:62.2,63.33 2 1
github.com/meehow/go-slip10/bech32/bech32.go:63.33,65.14 2 1
github.com/meehow/go-slip10/bech32/bech32.go:65.14,67.4 1 1
github.com/meehow/go-slip10/bech32/bech32.go:68.3,68.31 1 1
github.com/meehow/go-slip10/bech32/bech32.go:70.2,70.32 1 1
github.com/meehow/go-slip10/bech32/bech32.go:70.32,72.3 1 1
github.com/meehow/go-slip10/bech32/bech32.go:73.2,73.37 1 1
github.com/meehow/go-slip10/bech32/bech32.go:76.32,78.27 2 1
github.com/meehow/go-slip10/bech32/bech32.go:78.27,81.26 3 1
github.com/meehow/go-slip10/bech32/bech32.go:81.26,82.29 1 1
github.com/meehow/go-slip10/bech32/bech32.go:82.29,84.5 1 1
github.com/meehow/go-slip10/bech32/bech32.go:87.2,87.12 1 1
github.com/meehow/go-slip10/bech32/bech32.go:90.34,92.24 2 1
github.com/meehow/go-slip10/bech32/bech32.go:92.24,94.3 1 1
github.com/meehow/go-slip10/bech32/bech32.go:95.2,96.24 2 1
github.com/meehow/go-slip10/bech32/bech32.go:96.24,98.3 1 1
github.com/meehow/go-slip10/bech32/bech32.go:99.2,99.12 1 1
github.com/meehow/go-slip10/bech32/bech32.go:102.51,104.25 2 1
github.com/meehow/go-slip10/bech32/bech32.go:104.25,106.3 1 1
github.com/meehow/go-slip10/bech32/bech32.go:107.2,108.29 2 1
github.com/meehow/go-slip10/bech32/bech32.go:111.53,113.25 2 1
github.com/meehow/go-slip10/bech32/bech32.go:113.25,115.3 1 1
github.com/meehow/go-slip10/bech32/bech32.go:116.2,120.25 5 1
github.com/meehow/go-slip10/bech32/bech32.go:120.25,122.3 1 1
github.com/meehow/go-slip10/bech32/bech32.go:123.2,123.12 1 1
github.com/meehow/go-slip10/bech32/bech32.go:128.80,134.29 6 1
github.com/meehow/go-slip10/bech32/bech32.go:134.29,135.27 1 1
github.com/meehow/go-slip10/bech32/bech32.go:135.27,137.4 1 1
github.com/meehow/go-slip10/bech32/bech32.go:138.3,140.27 3 1
github.com/meehow/go-slip10/bech32/bech32.go:140.27,143.4 2 1
github.com/meehow/go-slip10/bech32/bech32.go:145.2,145.9 1 1
github.com/meehow/go-slip10/bech32/bech32.go:145.9,146.15 1 1
github.com/meehow/go-slip10/bech32/bech32.go:146.15,148.4 1 1
github.com/meehow/go-slip10/bech32/bech32.go:149.8,149.79 1 1
github.com/meehow/go-slip10/bech32/bech32.go:149.79,151.3 1 1
github.com/meehow/go-slip10/bech32/bech32.go:152.2,152.17 1 1
github.com/meehow/go-slip10/base58/base58.go:13.13,14.27 1 1
github.com/meehow/go-slip10/base58/base58.go:14.27,16.3 1 1
github.com/meehow/go-slip10/base58/base58.go:17.2,17.37 1 1
github.com/meehow/go-slip10/base58/base58.go:17.37,19.3 1 1
github.com/meehow/go-slip10/base58/base58.go:23.34,24.21 1 1
github.com/meehow/go-slip10/base58/base58.go:24.21,26.3 1 1
github.com/meehow/go-slip10/base58/base58.go:29.2,30.46 2 1
github.com/meehow/go-slip10/base58/base58.go:30.46,32.3 1 1
github.com/meehow/go-slip10/base58/base58.go:35.2,40.27 4 1
github.com/meehow/go-slip10/base58/base58.go:40.27,42.3 1 1
github.com/meehow/go-slip10/base58/base58.go:42.8,44.3 1 1
github.com/meehow/go-slip10/base58/base58.go:47.2,47.21 1 1
github.com/meehow/go-slip10/base58/base58.go:47.21,49.3 1 1
github.com/meehow/go-slip10/base58/base58.go:52.2,53.34 2 1
github.com/meehow/go-slip10/base58/base58.go:53.34,55.49 2 1
github.com/meehow/go-slip10/base58/base58.go:55.49,56.13 1 1
github.com/meehow/go-slip10/base58/base58.go:56.13,57.10 1 0
github.com/meehow/go-slip10/base58/base58.go:59.4,62.15 4 1
github.com/meehow/go-slip10/base58/base58.go:62.15,64.5 1 1
github.com/meehow/go-slip10/base58/base58.go:69.2,70.36 2 1
github.com/meehow/go-slip10/base58/base58.go:70.36,72.3 1 1
github.com/meehow/go-slip10/base58/base58.go:75.2,77.29 3 1
github.com/meehow/go-slip10/base58/base58.go:77.29,79.3 1 1
github.com/meehow/go-slip10/base58/base58.go:80.2,80.33 1 1
github.com/meehow/go-slip10/base58/base58.go:80.33,82.3 1 1
github.com/meehow/go-slip10/base58/base58.go:84.2,84.20 1 1
github.com/meehow/go-slip10/base58/base58.go:88.34,89.21 1 1
github.com/meehow/go-slip10/base58/base58.go:89.21,91.3 1 1
github.com/meehow/go-slip10/base58/base58.go:93.2,94.53 2 1
github.com/meehow/go-slip10/base58/base58.go:94.53,96.3 1 1
github.com/meehow/go-slip10/base58/base58.go:99.2,103.27 4 1
github.com/meehow/go-slip10/base58/base58.go:103.27,105.3 1 1
github.com/meehow/go-slip10/base58/base58.go:105.8,107.3 1 1
github.com/meehow/go-slip10/base58/base58.go:108.2,108.21 1 1
github.com/meehow/go-slip10/base58/base58.go:108.21,110.3 1 1
github.com/meehow/go-slip10/base58/base58.go:112.2,114.42 2 1
github.com/meehow/go-slip10/base58/base58.go:114.42,116.22 2 1
github.com/meehow/go-slip10/base58/base58.go:116.22,118.4 1 1
github.com/meehow/go-slip10/base58/base58.go:119.3,121.49 2 1
github.com/meehow/go-slip10/base58/base58.go:121.49,122.13 1 1
github.com/meehow/go-slip10/base58/base58.go:122.13,123.10 1 0
github.com/meehow/go-slip10/base58/base58.go:125.4,128.15 4 1
github.com/meehow/go-slip10/base58/base58.go:128.15,130.5 1 1
github.com/meehow/go-slip10/base58/base58.go:134.2,135.36 2 1
github.com/meehow/go-slip10/base58/base58.go:135.36,137.3 1 1
github.com/meehow/go-slip10/base58/base58.go:139.2,140.33 2 1
github.com/meehow/go-slip10/base58/base58.go:140.33,142.3 1 1
github.com/meehow/go-slip10/base58/base58.go:144.2,144.12 1 1
github.com/meehow/go-slip10/base58/base58.go:148.39,153.30 4 1
github.com/meehow/go-slip10/base58/base58.go:153.30,157.3 3 1
github.com/meehow/go-slip10/base58/base58.go:159.2,162.25 4 1
github.com/meehow/go-slip10/base58/base58.go:166.48,168.22 2 1
github.com/meehow/go-slip10/base58/base58.go:168.22,170.3 1 1
github.com/meehow/go-slip10/base58/base58.go:172.2,178.36 5 1
github.com/meehow/go-slip10/base58/base58.go:178.36,180.3 1 1
github.com/meehow/go-slip10/base58/base58.go:182.2,182.21 1 1
github.com/meehow/go-slip10/bip39.go:11.57,15.2 3 1
github.com/meehow/go-slip10/curves.go:30.35,32.2 1 1
github.com/meehow/go-slip10/curves.go:34.103,36.2 1 1
github.com/meehow/go-slip10/curves.go:43.27,50.2 1 1
github.com/meehow/go-slip10/curves.go:52.73,54.2 1 1
github.com/meehow/go-slip10/curves.go:56.110,58.2 1 1
github.com/meehow/go-slip10/curves.go:60.108,61.58 1 1
github.com/meehow/go-slip10/curves.go:61.58,63.17 2 1
github.com/meehow/go-slip10/curves.go:63.17,65.4 1 1
github.com/meehow/go-slip10/curves.go:66.3,66.29 1 1
github.com/meehow/go-slip10/curves.go:68.2,68.89 1 1
github.com/meehow/go-slip10/curves.go:71.59,74.2 2 1
github.com/meehow/go-slip10/curves.go:81.27,88.2 1 1
github.com/meehow/go-slip10/curves.go:90.73,92.2 1 1
github.com/meehow/go-slip10/curves.go:94.110,96.2 1 1
github.com/meehow/go-slip10/curves.go:98.108,99.58 1 1
github.com/meehow/go-slip10/curves.go:99.58,101.15 2 1
github.com/meehow/go-slip10/curves.go:101.15,103.4 1 1
github.com/meehow/go-slip10/curves.go:104.3,104.19 1 1
github.com/meehow/go-slip10/curves.go:106.2,106.88 1 1
github.com/meehow/go-slip10/curves.go:109.59,112.2 2 1
github.com/meehow/go-slip10/curves.go:114.175,115.25 1 1
github.com/meehow/go-slip10/curves.go:115.25,117.3 1 1
github.com/meehow/go-slip10/curves.go:119.2,131.16 9 1
github.com/meehow/go-slip10/curves.go:131.16,133.3 1 1
github.com/meehow/go-slip10/curves.go:135.2,135.6 1 1
github.com/meehow/go-slip10/curves.go:135.6,140.38 4 1
github.com/meehow/go-slip10/curves.go:140.38,145.48 3 1
github.com/meehow/go-slip10/curves.go:145.48,148.5 2 1
github.com/meehow/go-slip10/curves.go:151.3,155.20 5 0
github.com/meehow/go-slip10/curves.go:164.25,171.2 1 1
github.com/meehow/go-slip10/curves.go:173.71,178.2 4 1
github.com/meehow/go-slip10/curves.go:180.108,181.24 1 1
github.com/meehow/go-slip10/curves.go:181.24,183.3 1 1
github.com/meehow/go-slip10/curves.go:185.2,193.28 8 1
github.com/meehow/go-slip10/curves.go:196.57,202.2 5 1
github.com/meehow/go-slip10/curves.go:209.28,216.2 1 1
github.com/meehow/go-slip10/curves.go:218.74,223.2 4 1
github.com/meehow/go-slip10/curves.go:225.111,226.24 1 1
github.com/meehow/go-slip10/curves.go:226.24,228.3 1 1
github.com/meehow/go-slip10/curves.go:230.2,238.28 8 1
github.com/meehow/go-slip10/curves.go:241.60,254.2 10 1
github.com/meehow/go-slip10/curves.go:258.77,261.6 3 1
github.com/meehow/go-slip10/curves.go:261.6,269.44 7 1
github.com/meehow/go-slip10/curves.go:269.44,271.4 1 1
github.com/meehow/go-slip10/curves.go:272.3,272.14 1 1
github.com/meehow/go-slip10/curves.go:276.138,278.25 2 1
github.com/meehow/go-slip10/curves.go:278.25,281.3 2 1
github.com/meehow/go-slip10/curves.go:281.8,284.3 2 1
github.com/meehow/go-slip10/curves.go:285.2,294.6 7 1
github.com/meehow/go-slip10/curves.go:294.6,299.23 4 1
github.com/meehow/go-slip10/curves.go:299.23,303.25 3 1
github.com/meehow/go-slip10/curves.go:303.25,308.5 4 1
github.com/meehow/go-slip10/curves.go:311.3,315.20 5 1
github.com/meehow/go-slip10/ed25519_bip32.go:22.30,29.2 1 1
github.com/meehow/go-slip10/ed25519_bip32.go:33.76,42.6 6 1
github.com/meehow/go-slip10/ed25519_bip32.go:42.6,51.29 6 1
github.com/meehow/go-slip10/ed25519_bip32.go:51.29,53.12 2 1
github.com/meehow/go-slip10/ed25519_bip32.go:57.3,66.33 7 1
github.com/meehow/go-slip10/ed25519_bip32.go:72.113,73.24 1 1
github.com/meehow/go-slip10/ed25519_bip32.go:73.24,75.3 1 1
github.com/meehow/go-slip10/ed25519_bip32.go:77.2,86.29 6 1
github.com/meehow/go-slip10/ed25519_bip32.go:86.29,102.3 12 1
github.com/meehow/go-slip10/ed25519_bip32.go:102.8,118.3 11 1
github.com/meehow/go-slip10/ed25519_bip32.go:121.2,126.16 4 1
github.com/meehow/go-slip10/ed25519_bip32.go:126.16,128.3 1 0
github.com/meehow/go-slip10/ed25519_bip32.go:131.2,138.32 5 1
github.com/meehow/go-slip10/ed25519_bip32.go:143.111,144.29 1 1
github.com/meehow/go-slip10/ed25519_bip32.go:144.29,146.3 1 1
github.com/meehow/go-slip10/ed25519_bip32.go:149.2,150.44 2 1
github.com/meehow/go-slip10/ed25519_bip32.go:150.44,152.3 1 1
github.com/meehow/go-slip10/ed25519_bip32.go:152.8,152.30 1 1
github.com/meehow/go-slip10/ed25519_bip32.go:152.30,154.3 1 1
github.com/meehow/go-slip10/ed25519_bip32.go:154.8,156.3 1 1
github.com/meehow/go-slip10/ed25519_bip32.go:159.2,181.16 15 1
github.com/meehow/go-slip10/ed25519_bip32.go:181.16,183.3 1 0
github.com/meehow/go-slip10/ed25519_bip32.go:186.2,190.31 4 1
github.com/meehow/go-slip10/ed25519_bip32.go:194.62,196.24 2 1
github.com/meehow/go-slip10/ed25519_bip32.go:196.24,198.3 1 1
github.com/meehow/go-slip10/ed25519_bip32.go:198.8,198.31 1 1
github.com/meehow/go-slip10/ed25519_bip32.go:198.31,200.3 1 1
github.com/meehow/go-slip10/ed25519_bip32.go:200.8,202.3 1 1
github.com/meehow/go-slip10/ed25519_bip32.go:204.2,210.12 5 1
github.com/meehow/go-slip10/ed25519_bip32.go:214.60,223.16 4 1
github.com/meehow/go-slip10/ed25519_bip32.go:223.16,225.3 1 0
github.com/meehow/go-slip10/ed25519_bip32.go:227.2,228.22 2 1
github.com/meehow/go-slip10/ed25519_bip32.go:233.46,244.26 5 1
github.com/meehow/go-slip10/ed25519_bip32.go:244.26,248.3 3 1
github.com/meehow/go-slip10/ed25519_bip32.go:251.2,253.26 3 1
github.com/meehow/go-slip10/ed25519_bip32.go:253.26,257.3 3 1
github.com/meehow/go-slip10/ed25519_bip32.go:261.2,262.27 2 1
github.com/meehow/go-slip10/ed25519_bip32.go:262.27,263.13 1 1
github.com/meehow/go-slip10/ed25519_bip32.go:263.13,265.9 2 1
github.com/meehow/go-slip10/ed25519_bip32.go:268.2,268.13 1 1
github.com/meehow/go-slip10/ed25519_bip32.go:268.13,270.3 1 0
github.com/meehow/go-slip10/ed25519_bip32.go:272.2,272.20 1 1
github.com/meehow/go-slip10/ed25519_bip32.go:276.36,279.26 3 1
github.com/meehow/go-slip10/ed25519_bip32.go:279.26,283.3 3 1
github.com/meehow/go-slip10/ed25519_bip32.go:285.2,285.15 1 1
github.com/meehow/go-slip10/ed25519_bip32.go:289.54,292.16 2 1
github.com/meehow/go-slip10/ed25519_bip32.go:292.16,294.3 1 0
github.com/meehow/go-slip10/ed25519_bip32.go:297.2,303.26 5 1
github.com/meehow/go-slip10/ed25519_bip32.go:303.26,307.3 3 1
github.com/meehow/go-slip10/ed25519_bip32.go:310.2,314.16 4 1
github.com/meehow/go-slip10/ed25519_bip32.go:314.16,316.3 1 0
github.com/meehow/go-slip10/ed25519_bip32.go:319.2,324.32 3 1
github.com/meehow/go-slip10/slip10.go:67.61,69.16 2 1
github.com/meehow/go-slip10/slip10.go:69.16,71.3 1 1
github.com/meehow/go-slip10/slip10.go:73.2,83.8 1 1
github.com/meehow/go-slip10/slip10.go:86.44,88.2 1 1
github.com/meehow/go-slip10/slip10.go:90.106,91.15 1 1
github.com/meehow/go-slip10/slip10.go:91.15,92.28 1 1
github.com/meehow/go-slip10/slip10.go:92.28,94.4 1 1
github.com/meehow/go-slip10/slip10.go:95.3,96.25 2 1
github.com/meehow/go-slip10/slip10.go:96.25,98.4 1 1
github.com/meehow/go-slip10/slip10.go:99.3,99.36 1 1
github.com/meehow/go-slip10/slip10.go:100.8,102.24 2 1
github.com/meehow/go-slip10/slip10.go:102.24,104.4 1 1
github.com/meehow/go-slip10/slip10.go:105.3,105.45 1 1
github.com/meehow/go-slip10/slip10.go:105.45,107.4 1 1
github.com/meehow/go-slip10/slip10.go:109.2,109.29 1 1
github.com/meehow/go-slip10/slip10.go:112.74,113.16 1 1
github.com/meehow/go-slip10/slip10.go:113.16,114.17 1 1
github.com/meehow/go-slip10/slip10.go:114.17,116.4 1 1
github.com/meehow/go-slip10/slip10.go:117.3,117.30 1 1
github.com/meehow/go-slip10/slip10.go:117.30,118.14 1 1
github.com/meehow/go-slip10/slip10.go:118.14,120.5 1 1
github.com/meehow/go-slip10/slip10.go:123.2,123.12 1 1
github.com/meehow/go-slip10/slip10.go:127.77,130.16 2 1
github.com/meehow/go-slip10/slip10.go:130.16,131.31 1 1
github.com/meehow/go-slip10/slip10.go:131.31,133.4 1 1
github.com/meehow/go-slip10/slip10.go:135.3,144.17 9 1
github.com/meehow/go-slip10/slip10.go:144.17,146.4 1 1
github.com/meehow/go-slip10/slip10.go:148.3,148.68 1 1
github.com/meehow/go-slip10/slip10.go:148.68,150.4 1 1
github.com/meehow/go-slip10/slip10.go:152.3,162.9 1 1
github.com/meehow/go-slip10/slip10.go:166.2,167.16 2 1
github.com/meehow/go-slip10/slip10.go:167.16,168.38 1 1
github.com/meehow/go-slip10/slip10.go:168.38,170.4 1 1
github.com/meehow/go-slip10/slip10.go:173.3,174.17 2 1
github.com/meehow/go-slip10/slip10.go:174.17,176.4 1 1
github.com/meehow/go-slip10/slip10.go:178.3,181.20 3 1
github.com/meehow/go-slip10/slip10.go:181.20,183.26 1 1
github.com/meehow/go-slip10/slip10.go:183.26,185.5 1 1
github.com/meehow/go-slip10/slip10.go:186.4,189.37 4 1
github.com/meehow/go-slip10/slip10.go:190.9,190.27 1 1
github.com/meehow/go-slip10/slip10.go:190.27,192.26 1 1
github.com/meehow/go-slip10/slip10.go:192.26,194.5 1 1
github.com/meehow/go-slip10/slip10.go:195.4,202.31 6 1
github.com/meehow/go-slip10/slip10.go:203.9,205.4 1 1
github.com/meehow/go-slip10/slip10.go:207.3,217.9 1 1
github.com/meehow/go-slip10/slip10.go:220.2,220.85 1 1
github.com/meehow/go-slip10/slip10.go:224.52,225.45 1 1
github.com/meehow/go-slip10/slip10.go:225.45,227.3 1 1
github.com/meehow/go-slip10/slip10.go:229.2,229.17 1 1
github.com/meehow/go-slip10/slip10.go:229.17,231.17 2 1
github.com/meehow/go-slip10/slip10.go:231.17,233.4 1 1
github.com/meehow/go-slip10/slip10.go:235.3,245.9 1 1
github.com/meehow/go-slip10/slip10.go:249.2,250.16 2 1
github.com/meehow/go-slip10/slip10.go:250.16,252.3 1 1
github.com/meehow/go-slip10/slip10.go:254.2,264.8 1 1
github.com/meehow/go-slip10/slip10.go:268.55,270.16 2 1
github.com/meehow/go-slip10/slip10.go:270.16,272.3 1 1
github.com/meehow/go-slip10/slip10.go:274.2,275.32 2 1
github.com/meehow/go-slip10/slip10.go:275.32,277.17 2 1
github.com/meehow/go-slip10/slip10.go:277.17,279.4 1 1
github.com/meehow/go-slip10/slip10.go:282.2,282.18 1 1
github.com/meehow/go-slip10/slip10.go:288.47,289.31 1 1
github.com/meehow/go-slip10/slip10.go:289.31,291.3 1 1
github.com/meehow/go-slip10/slip10.go:293.2,293.55 1 1
github.com/meehow/go-slip10/slip10.go:293.55,295.3 1 1
github.com/meehow/go-slip10/slip10.go:298.2,299.33 2 1
github.com/meehow/go-slip10/slip10.go:299.33,300.21 1 1
github.com/meehow/go-slip10/slip10.go:300.21,302.4 1 1
github.com/meehow/go-slip10/slip10.go:304.2,308.34 4 1
github.com/meehow/go-slip10/slip10.go:308.34,309.39 1 1
github.com/meehow/go-slip10/slip10.go:309.39,310.18 1 1
github.com/meehow/go-slip10/slip10.go:310.18,312.5 1 1
github.com/meehow/go-slip10/slip10.go:313.4,314.18 2 1
github.com/meehow/go-slip10/slip10.go:314.18,316.5 1 1
github.com/meehow/go-slip10/slip10.go:317.4,318.17 2 1
github.com/meehow/go-slip10/slip10.go:322.2,322.21 1 1
github.com/meehow/go-slip10/slip10.go:327.23,330.2 2 1
github.com/meehow/go-slip10/slip10.go:333.65,346.2 11 1
github.com/meehow/go-slip10/slip10.go:349.31,350.18 1 1
github.com/meehow/go-slip10/slip10.go:350.18,352.3 1 1
github.com/meehow/go-slip10/slip10.go:355.2,355.39 1 1
github.com/meehow/go-slip10/slip10.go:355.39,363.17 5 1
github.com/meehow/go-slip10/slip10.go:363.17,365.4 1 0
github.com/meehow/go-slip10/slip10.go:367.3,368.17 2 1
github.com/meehow/go-slip10/slip10.go:368.17,370.4 1 0
github.com/meehow/go-slip10/slip10.go:371.3,371.17 1 1
github.com/meehow/go-slip10/slip10.go:374.2,375.22 2 1
github.com/meehow/go-slip10/slip10.go:375.22,377.3 1 1
github.com/meehow/go-slip10/slip10.go:380.2,384.41 4 1
github.com/meehow/go-slip10/slip10.go:388.30,390.39 1 1
github.com/meehow/go-slip10/slip10.go:390.39,395.26 2 1
github.com/meehow/go-slip10/slip10.go:395.26,397.4 1 1
github.com/meehow/go-slip10/slip10.go:397.9,399.4 1 1
github.com/meehow/go-slip10/slip10.go:400.3,404.17 3 1
github.com/meehow/go-slip10/slip10.go:404.17,406.4 1 0
github.com/meehow/go-slip10/slip10.go:408.3,409.17 2 1
github.com/meehow/go-slip10/slip10.go:409.17,411.4 1 0
github.com/meehow/go-slip10/slip10.go:412.3,412.17 1 1
github.com/meehow/go-slip10/slip10.go:415.2,416.70 2 1
github.com/meehow/go-slip10/slip10.go:416.70,418.3 1 1
github.com/meehow/go-slip10/slip10.go:420.2,420.39 1 1
github.com/meehow/go-slip10/slip10.go:424.37,430.2 5 1
github.com/meehow/go-slip10/slip10.go:435.31,436.18 1 1
github.com/meehow/go-slip10/slip10.go:436.18,438.3 1 1
github.com/meehow/go-slip10/slip10.go:440.2,441.48 2 1
github.com/meehow/go-slip10/slip10.go:441.48,443.3 1 1
github.com/meehow/go-slip10/slip10.go:445.2,455.3 1 1
github.com/meehow/go-slip10/slip10.go:459.35,461.2 1 1
github.com/meehow/go-slip10/slip10.go:467.41,468.18 1 1
github.com/meehow/go-slip10/slip10.go:468.18,470.3 1 1
github.com/meehow/go-slip10/slip10.go:471.2,471.18 1 1
github.com/meehow/go-slip10/slip10.go:474.43,475.17 1 1
github.com/meehow/go-slip10/slip10.go:475.17,477.3 1 1
github.com/meehow/go-slip10/slip10.go:479.2,481.48 3 1
github.com/meehow/go-slip10/slip10.go:481.48,484.3 2 1
github.com/meehow/go-slip10/slip10.go:486.2,487.16 2 1
github.com/meehow/go-slip10/slip10.go:487.16,489.3 1 1
github.com/meehow/go-slip10/slip10.go:491.2,491.27 1 1
github.com/meehow/go-slip10/slip10.go:491.27,493.3 1 1
github.com/meehow/go-slip10/slip10.go:495.2,495.14 1 1
github.com/meehow/go-slip10/slip10.go:495.14,497.3 1 1
github.com/meehow/go-slip10/slip10.go:498.2,498.25 1 1
github.com/meehow/go-slip10/slip10.go:502.32,504.20 2 1
github.com/meehow/go-slip10/slip10.go:504.20,506.3 1 1
github.com/meehow/go-slip10/slip10.go:507.2,507.93 1 1
